// Jest Snapshot v1, https://goo.gl/fbAQLP

exports[`Form block Edit callback Matches snapshot 1`] = `<div />`;
